Analysis & Synthesis report for Serial_Port
Tue Dec 20 11:54:40 2016
Quartus II Version 11.0 Build 208 07/03/2011 Service Pack 1 SJ Web Edition


---------------------
; Table of Contents ;
---------------------
  1. Legal Notice
  2. Analysis & Synthesis Summary
  3. Analysis & Synthesis Settings
  4. Parallel Compilation
  5. Analysis & Synthesis Source Files Read
  6. Analysis & Synthesis Resource Usage Summary
  7. Analysis & Synthesis Resource Utilization by Entity
  8. State Machine - |Top_Module|Transmitter:b2v_inst1|state
  9. State Machine - |Top_Module|Receiver:b2v_inst|state
 10. General Register Statistics
 11. Multiplexer Restructuring Statistics (Restructuring Performed)
 12. Elapsed Time Per Partition
 13. Analysis & Synthesis Messages



----------------
; Legal Notice ;
----------------
Copyright (C) 1991-2011 Altera Corporation
Your use of Altera Corporation's design tools, logic functions 
and other software and tools, and its AMPP partner logic 
functions, and any output files from any of the foregoing 
(including device programming or simulation files), and any 
associated documentation or information are expressly subject 
to the terms and conditions of the Altera Program License 
Subscription Agreement, Altera MegaCore Function License 
Agreement, or other applicable license agreement, including, 
without limitation, that your use is for the sole purpose of 
programming logic devices manufactured by Altera and sold by 
Altera or its authorized distributors.  Please refer to the 
applicable agreement for further details.



+-----------------------------------------------------------------------------+
; Analysis & Synthesis Summary                                                ;
+-----------------------------+-----------------------------------------------+
; Analysis & Synthesis Status ; Successful - Tue Dec 20 11:54:40 2016         ;
; Quartus II Version          ; 11.0 Build 208 07/03/2011 SP 1 SJ Web Edition ;
; Revision Name               ; Serial_Port                                   ;
; Top-level Entity Name       ; Top_Module                                    ;
; Family                      ; Cyclone                                       ;
; Total logic elements        ; 590                                           ;
; Total pins                  ; 16                                            ;
; Total virtual pins          ; 0                                             ;
; Total memory bits           ; 0                                             ;
; Total PLLs                  ; 0                                             ;
+-----------------------------+-----------------------------------------------+


+----------------------------------------------------------------------------------------------------------------------+
; Analysis & Synthesis Settings                                                                                        ;
+----------------------------------------------------------------------------+--------------------+--------------------+
; Option                                                                     ; Setting            ; Default Value      ;
+----------------------------------------------------------------------------+--------------------+--------------------+
; Device                                                                     ; EP1C3T144C8        ;                    ;
; Top-level entity name                                                      ; Top_Module         ; Serial_Port        ;
; Family name                                                                ; Cyclone            ; Cyclone IV GX      ;
; Use smart compilation                                                      ; Off                ; Off                ;
; Enable parallel Assembler and TimeQuest Timing Analyzer during compilation ; On                 ; On                 ;
; Enable compact report table                                                ; Off                ; Off                ;
; Restructure Multiplexers                                                   ; Auto               ; Auto               ;
; Create Debugging Nodes for IP Cores                                        ; Off                ; Off                ;
; Preserve fewer node names                                                  ; On                 ; On                 ;
; Disable OpenCore Plus hardware evaluation                                  ; Off                ; Off                ;
; Verilog Version                                                            ; Verilog_2001       ; Verilog_2001       ;
; VHDL Version                                                               ; VHDL_1993          ; VHDL_1993          ;
; State Machine Processing                                                   ; Auto               ; Auto               ;
; Safe State Machine                                                         ; Off                ; Off                ;
; Extract Verilog State Machines                                             ; On                 ; On                 ;
; Extract VHDL State Machines                                                ; On                 ; On                 ;
; Ignore Verilog initial constructs                                          ; Off                ; Off                ;
; Iteration limit for constant Verilog loops                                 ; 5000               ; 5000               ;
; Iteration limit for non-constant Verilog loops                             ; 250                ; 250                ;
; Add Pass-Through Logic to Inferred RAMs                                    ; On                 ; On                 ;
; Parallel Synthesis                                                         ; On                 ; On                 ;
; NOT Gate Push-Back                                                         ; On                 ; On                 ;
; Power-Up Don't Care                                                        ; On                 ; On                 ;
; Remove Redundant Logic Cells                                               ; Off                ; Off                ;
; Remove Duplicate Registers                                                 ; On                 ; On                 ;
; Ignore CARRY Buffers                                                       ; Off                ; Off                ;
; Ignore CASCADE Buffers                                                     ; Off                ; Off                ;
; Ignore GLOBAL Buffers                                                      ; Off                ; Off                ;
; Ignore ROW GLOBAL Buffers                                                  ; Off                ; Off                ;
; Ignore LCELL Buffers                                                       ; Off                ; Off                ;
; Ignore SOFT Buffers                                                        ; On                 ; On                 ;
; Limit AHDL Integers to 32 Bits                                             ; Off                ; Off                ;
; Optimization Technique                                                     ; Balanced           ; Balanced           ;
; Carry Chain Length                                                         ; 70                 ; 70                 ;
; Auto Carry Chains                                                          ; On                 ; On                 ;
; Auto Open-Drain Pins                                                       ; On                 ; On                 ;
; Perform WYSIWYG Primitive Resynthesis                                      ; Off                ; Off                ;
; Auto ROM Replacement                                                       ; On                 ; On                 ;
; Auto RAM Replacement                                                       ; On                 ; On                 ;
; Auto Shift Register Replacement                                            ; Auto               ; Auto               ;
; Allow Shift Register Merging across Hierarchies                            ; Auto               ; Auto               ;
; Auto Clock Enable Replacement                                              ; On                 ; On                 ;
; Strict RAM Replacement                                                     ; Off                ; Off                ;
; Allow Synchronous Control Signals                                          ; On                 ; On                 ;
; Force Use of Synchronous Clear Signals                                     ; Off                ; Off                ;
; Auto RAM Block Balancing                                                   ; On                 ; On                 ;
; Auto RAM to Logic Cell Conversion                                          ; Off                ; Off                ;
; Auto Resource Sharing                                                      ; Off                ; Off                ;
; Allow Any RAM Size For Recognition                                         ; Off                ; Off                ;
; Allow Any ROM Size For Recognition                                         ; Off                ; Off                ;
; Allow Any Shift Register Size For Recognition                              ; Off                ; Off                ;
; Use LogicLock Constraints during Resource Balancing                        ; On                 ; On                 ;
; Ignore translate_off and synthesis_off directives                          ; Off                ; Off                ;
; Report Parameter Settings                                                  ; On                 ; On                 ;
; Report Source Assignments                                                  ; On                 ; On                 ;
; Report Connectivity Checks                                                 ; On                 ; On                 ;
; Ignore Maximum Fan-Out Assignments                                         ; Off                ; Off                ;
; Synchronization Register Chain Length                                      ; 2                  ; 2                  ;
; PowerPlay Power Optimization                                               ; Normal compilation ; Normal compilation ;
; HDL message level                                                          ; Level2             ; Level2             ;
; Suppress Register Optimization Related Messages                            ; Off                ; Off                ;
; Number of Removed Registers Reported in Synthesis Report                   ; 5000               ; 5000               ;
; Number of Inverted Registers Reported in Synthesis Report                  ; 100                ; 100                ;
; Clock MUX Protection                                                       ; On                 ; On                 ;
; Block Design Naming                                                        ; Auto               ; Auto               ;
; Synthesis Effort                                                           ; Auto               ; Auto               ;
; Shift Register Replacement - Allow Asynchronous Clear Signal               ; On                 ; On                 ;
; Analysis & Synthesis Message Level                                         ; Medium             ; Medium             ;
; Disable Register Merging Across Hierarchies                                ; Auto               ; Auto               ;
; Resource Aware Inference For Block RAM                                     ; On                 ; On                 ;
; Synthesis Seed                                                             ; 1                  ; 1                  ;
+----------------------------------------------------------------------------+--------------------+--------------------+


Parallel compilation was disabled, but you have multiple processors available. Enable parallel compilation to reduce compilation time.
+-------------------------------------+
; Parallel Compilation                ;
+----------------------------+--------+
; Processors                 ; Number ;
+----------------------------+--------+
; Number detected on machine ; 2      ;
; Maximum allowed            ; 1      ;
+----------------------------+--------+


+------------------------------------------------------------------------------------------------------------------------------------------+
; Analysis & Synthesis Source Files Read                                                                                                   ;
+----------------------------------+-----------------+-----------------+-------------------------------------------------------------------+
; File Name with User-Entered Path ; Used in Netlist ; File Type       ; File Name with Absolute Path                                      ;
+----------------------------------+-----------------+-----------------+-------------------------------------------------------------------+
; Transmitter.vhd                  ; yes             ; User VHDL File  ; C:/OtherDisks/Study/EXPERIENT/VHDL/ZD_Serial_Port/Transmitter.vhd ;
; Top_Module.vhd                   ; yes             ; User VHDL File  ; C:/OtherDisks/Study/EXPERIENT/VHDL/ZD_Serial_Port/Top_Module.vhd  ;
; Receiver.vhd                     ; yes             ; User VHDL File  ; C:/OtherDisks/Study/EXPERIENT/VHDL/ZD_Serial_Port/Receiver.vhd    ;
; Divider.vhd                      ; yes             ; User VHDL File  ; C:/OtherDisks/Study/EXPERIENT/VHDL/ZD_Serial_Port/Divider.vhd     ;
+----------------------------------+-----------------+-----------------+-------------------------------------------------------------------+


+----------------------------------------------------------------------+
; Analysis & Synthesis Resource Usage Summary                          ;
+---------------------------------------------+------------------------+
; Resource                                    ; Usage                  ;
+---------------------------------------------+------------------------+
; Total logic elements                        ; 590                    ;
;     -- Combinational with no register       ; 330                    ;
;     -- Register only                        ; 139                    ;
;     -- Combinational with a register        ; 121                    ;
;                                             ;                        ;
; Logic element usage by number of LUT inputs ;                        ;
;     -- 4 input functions                    ; 159                    ;
;     -- 3 input functions                    ; 21                     ;
;     -- 2 input functions                    ; 265                    ;
;     -- 1 input functions                    ; 6                      ;
;     -- 0 input functions                    ; 0                      ;
;                                             ;                        ;
; Logic elements by mode                      ;                        ;
;     -- normal mode                          ; 373                    ;
;     -- arithmetic mode                      ; 217                    ;
;     -- qfbk mode                            ; 0                      ;
;     -- register cascade mode                ; 0                      ;
;     -- synchronous clear/load mode          ; 32                     ;
;     -- asynchronous clear/load mode         ; 209                    ;
;                                             ;                        ;
; Total registers                             ; 260                    ;
; Total logic cells in carry chains           ; 224                    ;
; I/O pins                                    ; 16                     ;
; Maximum fan-out node                        ; Divider:b2v_inst2|bclk ;
; Maximum fan-out                             ; 227                    ;
; Total fan-out                               ; 2097                   ;
; Average fan-out                             ; 3.46                   ;
+---------------------------------------------+------------------------+


+-------------------------------------------------------------------------------------------------------------------------------------------------------------------------------------------------------------------------------------+
; Analysis & Synthesis Resource Utilization by Entity                                                                                                                                                                                 ;
+----------------------------+-------------+--------------+-------------+------+--------------+--------------+-------------------+------------------+-----------------+------------+-----------------------------------+--------------+
; Compilation Hierarchy Node ; Logic Cells ; LC Registers ; Memory Bits ; Pins ; Virtual Pins ; LUT-Only LCs ; Register-Only LCs ; LUT/Register LCs ; Carry Chain LCs ; Packed LCs ; Full Hierarchy Name               ; Library Name ;
+----------------------------+-------------+--------------+-------------+------+--------------+--------------+-------------------+------------------+-----------------+------------+-----------------------------------+--------------+
; |Top_Module                ; 590 (0)     ; 260          ; 0           ; 16   ; 0            ; 330 (0)      ; 139 (0)           ; 121 (0)          ; 224 (0)         ; 0 (0)      ; |Top_Module                       ;              ;
;    |Divider:b2v_inst2|     ; 63 (63)     ; 33           ; 0           ; 0    ; 0            ; 30 (30)      ; 0 (0)             ; 33 (33)          ; 32 (32)         ; 0 (0)      ; |Top_Module|Divider:b2v_inst2     ;              ;
;    |Receiver:b2v_inst|     ; 353 (353)   ; 150          ; 0           ; 0    ; 0            ; 203 (203)    ; 69 (69)           ; 81 (81)          ; 128 (128)       ; 0 (0)      ; |Top_Module|Receiver:b2v_inst     ;              ;
;    |Transmitter:b2v_inst1| ; 174 (174)   ; 77           ; 0           ; 0    ; 0            ; 97 (97)      ; 70 (70)           ; 7 (7)            ; 64 (64)         ; 0 (0)      ; |Top_Module|Transmitter:b2v_inst1 ;              ;
+----------------------------+-------------+--------------+-------------+------+--------------+--------------+-------------------+------------------+-----------------+------------+-----------------------------------+--------------+
Note: For table entries with two numbers listed, the numbers in parentheses indicate the number of resources of the given type used by the specific entity alone. The numbers listed outside of parentheses indicate the total resources of the given type used by the specific entity and all of its sub-entities in the hierarchy.


Encoding Type:  One-Hot
+-----------------------------------------------------------------------------+
; State Machine - |Top_Module|Transmitter:b2v_inst1|state                     ;
+---------------+--------------+---------------+---------------+--------------+
; Name          ; state.x_stop ; state.x_shift ; state.x_start ; state.x_idle ;
+---------------+--------------+---------------+---------------+--------------+
; state.x_idle  ; 0            ; 0             ; 0             ; 0            ;
; state.x_start ; 0            ; 0             ; 1             ; 1            ;
; state.x_shift ; 0            ; 1             ; 0             ; 1            ;
; state.x_stop  ; 1            ; 0             ; 0             ; 1            ;
+---------------+--------------+---------------+---------------+--------------+


Encoding Type:  One-Hot
+----------------------------------------------------------------+
; State Machine - |Top_Module|Receiver:b2v_inst|state            ;
+----------------+--------------+----------------+---------------+
; Name           ; state.r_stop ; state.r_sample ; state.r_start ;
+----------------+--------------+----------------+---------------+
; state.r_start  ; 0            ; 0              ; 0             ;
; state.r_sample ; 0            ; 1              ; 1             ;
; state.r_stop   ; 1            ; 0              ; 1             ;
+----------------+--------------+----------------+---------------+


+------------------------------------------------------+
; General Register Statistics                          ;
+----------------------------------------------+-------+
; Statistic                                    ; Value ;
+----------------------------------------------+-------+
; Total registers                              ; 260   ;
; Number of registers using Synchronous Clear  ; 32    ;
; Number of registers using Synchronous Load   ; 0     ;
; Number of registers using Asynchronous Clear ; 209   ;
; Number of registers using Asynchronous Load  ; 0     ;
; Number of registers using Clock Enable       ; 211   ;
; Number of registers using Preset             ; 0     ;
+----------------------------------------------+-------+


+------------------------------------------------------------------------------------------------------------------------------------------------------------------------------------------+
; Multiplexer Restructuring Statistics (Restructuring Performed)                                                                                                                           ;
+--------------------+-----------+---------------+----------------------+------------------------+------------------------------------------------------------+----------------------------+
; Multiplexer Inputs ; Bus Width ; Baseline Area ; Area if Restructured ; Saving if Restructured ; Registered                                                 ; Example Multiplexer Output ;
+--------------------+-----------+---------------+----------------------+------------------------+------------------------------------------------------------+----------------------------+
; 3:1                ; 32 bits   ; 64 LEs        ; 32 LEs               ; 32 LEs                 ; |Top_Module|Transmitter:b2v_inst1|\Transmit_Data:cnt16[20] ;                            ;
; 4:1                ; 32 bits   ; 64 LEs        ; 32 LEs               ; 32 LEs                 ; |Top_Module|Receiver:b2v_inst|\ReceiveData:cnt[9]          ;                            ;
; 8:1                ; 32 bits   ; 160 LEs       ; 32 LEs               ; 128 LEs                ; |Top_Module|Divider:b2v_inst2|cnt[17]                      ;                            ;
; 8:1                ; 32 bits   ; 160 LEs       ; 32 LEs               ; 128 LEs                ; |Top_Module|Receiver:b2v_inst|\ReceiveData:cnt16[30]       ;                            ;
; 7:1                ; 3 bits    ; 12 LEs        ; 6 LEs                ; 6 LEs                  ; |Top_Module|Receiver:b2v_inst|Selector3                    ;                            ;
; 7:1                ; 2 bits    ; 8 LEs         ; 4 LEs                ; 4 LEs                  ; |Top_Module|Transmitter:b2v_inst1|Selector4                ;                            ;
; 9:1                ; 2 bits    ; 12 LEs        ; 6 LEs                ; 6 LEs                  ; |Top_Module|Transmitter:b2v_inst1|Selector3                ;                            ;
+--------------------+-----------+---------------+----------------------+------------------------+------------------------------------------------------------+----------------------------+


+-------------------------------+
; Elapsed Time Per Partition    ;
+----------------+--------------+
; Partition Name ; Elapsed Time ;
+----------------+--------------+
; Top            ; 00:00:01     ;
+----------------+--------------+


+-------------------------------+
; Analysis & Synthesis Messages ;
+-------------------------------+
Info: *******************************************************************
Info: Running Quartus II Analysis & Synthesis
    Info: Version 11.0 Build 208 07/03/2011 Service Pack 1 SJ Web Edition
    Info: Processing started: Tue Dec 20 11:54:38 2016
Info: Command: quartus_map --read_settings_files=on --write_settings_files=off Serial_Port -c Serial_Port
Warning: Parallel compilation is not licensed and has been disabled
Info: Found 2 design units, including 1 entities, in source file transmitter.vhd
    Info: Found design unit 1: Transmitter-behav
    Info: Found entity 1: Transmitter
Info: Found 2 design units, including 1 entities, in source file top_module.vhd
    Info: Found design unit 1: Top_Module-bdf_type
    Info: Found entity 1: Top_Module
Info: Found 2 design units, including 1 entities, in source file receiver.vhd
    Info: Found design unit 1: Receiver-behav
    Info: Found entity 1: Receiver
Info: Found 2 design units, including 1 entities, in source file divider.vhd
    Info: Found design unit 1: Divider-behavioral
    Info: Found entity 1: Divider
Info: Elaborating entity "Top_Module" for the top level hierarchy
Info: Elaborating entity "Receiver" for hierarchy "Receiver:b2v_inst"
Info: Elaborating entity "Transmitter" for hierarchy "Transmitter:b2v_inst1"
Warning (10036): Verilog HDL or VHDL warning at Transmitter.vhd(30): object "xbufs_add" assigned a value but never read
Info: Elaborating entity "Divider" for hierarchy "Divider:b2v_inst2"
Info: Generating hard_block partition "hard_block:auto_generated_inst"
Info: Implemented 606 device resources after synthesis - the final resource count might be different
    Info: Implemented 5 input pins
    Info: Implemented 11 output pins
    Info: Implemented 590 logic cells
Info: Quartus II Analysis & Synthesis was successful. 0 errors, 2 warnings
    Info: Peak virtual memory: 319 megabytes
    Info: Processing ended: Tue Dec 20 11:54:40 2016
    Info: Elapsed time: 00:00:02
    Info: Total CPU time (on all processors): 00:00:02


